env: load .env.local
env: export EXPO_PUBLIC_JARVIS_CLOUD
Starting project at D:\works\test\Test app\jarvis-mobile
Logs: D:\works\test\Test app\jarvis-mobile\.expo\dev\logs\start.log
Starting Metro Bundler

Error while reading cache, falling back to a full crawl:
 Error: Unable to deserialize cloned data due to invalid or unsupported version.
    at deserialize (node:v8:468:7)
    at DiskCacheManager.read (D:\works\test\Test app\jarvis-mobile\node_modules\@expo\metro-file-map\build\cache\DiskCacheManager.js:55:41)
    at async FileMap.read (D:\works\test\Test app\jarvis-mobile\node_modules\@expo\metro-file-map\build\index.js:371:20)
    at async D:\works\test\Test app\jarvis-mobile\node_modules\@expo\metro-file-map\build\index.js:262:35
    at async DependencyGraph.ready (D:\works\test\Test app\jarvis-mobile\node_modules\metro\src\node-haste\DependencyGraph.js:94:5)
    at async Bundler.ready (D:\works\test\Test app\jarvis-mobile\node_modules\metro\src\Bundler.js:62:5)
    at async IncrementalBundler.ready (D:\works\test\Test app\jarvis-mobile\node_modules\metro\src\IncrementalBundler.js:310:5)
    at async Server.ready (D:\works\test\Test app\jarvis-mobile\node_modules\metro\src\Server.js:1446:5)
    at async runMetro (D:\works\test\Test app\jarvis-mobile\node_modules\metro\src\index.flow.js:142:5)
    at async createConnectMiddleware (D:\works\test\Test app\jarvis-mobile\node_modules\metro\src\index.flow.js:147:23)
Waiting on http://localhost:8081

An update for expo is available: 57.0.11 → ~57.0.12
2 other packages may need updating. Run npx expo install --check for details.
Logs for your project will appear below.
Android Bundled 4250ms index.ts (1755 modules)
Android Bundled 875ms index.ts (1 module)
 LOG  [jarvis] notifications granted=true push=ok
 WARN  [expo-notifications] Error thrown while updating the device push token with the server: [Error: fetch failed: Fetch request has been canceled]
 LOG  [jarvis] notifications granted=true push=ok
